clang : output/compiler_self.ll:1:1992: error: use of undefined value '@fn_244c02b0728c1d76'
所在位置 行:1 字符: 47
+ ... 编译 IR ==="; clang output/compiler_self.ll runtime/runtime.c -o output ...
+                 ~~~~~~~~~~~~~~~~~~~~~~~~~~~~~~~~~~~~~~~~~~~~~~~~~~~~~~~~~
    + CategoryInfo          : NotSpecified: (output/compiler...4c02b0728c1d76':String) [], RemoteException
    + FullyQualifiedErrorId : NativeCommandError
 
1 error generated.
runtime/runtime.c:135:12: warning: 'strdup' is deprecated: The POSIX name for this item is deprecated. Instead, us
e the ISO C and C++ conformant name: _strdup. See online help for details. [-Wdeprecated-declarations]
  135 |     return strdup(buffer);
      |            ^
C:\Program Files (x86)\Windows Kits\10\Include\10.0.26100.0\ucrt\string.h:531:20: note: 'strdup' has been explicit
ly marked deprecated here
  531 |     _Check_return_ _CRT_NONSTDC_DEPRECATE(_strdup)
      |                    ^
C:\Program Files (x86)\Windows Kits\10\Include\10.0.26100.0\ucrt\corecrt.h:428:50: note: expanded from macro '_CRT
_NONSTDC_DEPRECATE'
  428 |         #define _CRT_NONSTDC_DEPRECATE(_NewName) _CRT_DEPRECATE_TEXT(             \
      |                                                  ^
C:\Program Files\Microsoft Visual Studio\2022\Community\VC\Tools\MSVC\14.44.35207\include\vcruntime.h:358:47: note
: expanded from macro '_CRT_DEPRECATE_TEXT'
  358 | #define _CRT_DEPRECATE_TEXT(_Text) __declspec(deprecated(_Text))
      |                                               ^
runtime/runtime.c:146:12: warning: 'strdup' is deprecated: The POSIX name for this item is deprecated. Instead, us
e the ISO C and C++ conformant name: _strdup. See online help for details. [-Wdeprecated-declarations]
  146 |     return strdup(buffer);
      |            ^
C:\Program Files (x86)\Windows Kits\10\Include\10.0.26100.0\ucrt\string.h:531:20: note: 'strdup' has been explicit
ly marked deprecated here
  531 |     _Check_return_ _CRT_NONSTDC_DEPRECATE(_strdup)
      |                    ^
C:\Program Files (x86)\Windows Kits\10\Include\10.0.26100.0\ucrt\corecrt.h:428:50: note: expanded from macro '_CRT
_NONSTDC_DEPRECATE'
  428 |         #define _CRT_NONSTDC_DEPRECATE(_NewName) _CRT_DEPRECATE_TEXT(             \
      |                                                  ^
C:\Program Files\Microsoft Visual Studio\2022\Community\VC\Tools\MSVC\14.44.35207\include\vcruntime.h:358:47: note
: expanded from macro '_CRT_DEPRECATE_TEXT'
  358 | #define _CRT_DEPRECATE_TEXT(_Text) __declspec(deprecated(_Text))
      |                                               ^
runtime/runtime.c:157:12: warning: 'strdup' is deprecated: The POSIX name for this item is deprecated. Instead, us
e the ISO C and C++ conformant name: _strdup. See online help for details. [-Wdeprecated-declarations]
  157 |     return strdup(utf8_content);
      |            ^
C:\Program Files (x86)\Windows Kits\10\Include\10.0.26100.0\ucrt\string.h:531:20: note: 'strdup' has been explicit
ly marked deprecated here
  531 |     _Check_return_ _CRT_NONSTDC_DEPRECATE(_strdup)
      |                    ^
C:\Program Files (x86)\Windows Kits\10\Include\10.0.26100.0\ucrt\corecrt.h:428:50: note: expanded from macro '_CRT
_NONSTDC_DEPRECATE'
  428 |         #define _CRT_NONSTDC_DEPRECATE(_NewName) _CRT_DEPRECATE_TEXT(             \
      |                                                  ^
C:\Program Files\Microsoft Visual Studio\2022\Community\VC\Tools\MSVC\14.44.35207\include\vcruntime.h:358:47: note
: expanded from macro '_CRT_DEPRECATE_TEXT'
  358 | #define _CRT_DEPRECATE_TEXT(_Text) __declspec(deprecated(_Text))
      |                                               ^
runtime/runtime.c:166:5: warning: 'strcpy' is deprecated: This function or variable may be unsafe. Consider using 
strcpy_s instead. To disable deprecation, use _CRT_SECURE_NO_WARNINGS. See online help for details. [-Wdeprecated-
declarations]
  166 |     strcpy(result, (char*)a);
      |     ^
C:\Program Files (x86)\Windows Kits\10\Include\10.0.26100.0\ucrt\string.h:130:1: note: 'strcpy' has been explicitl
y marked deprecated here
  130 | __DEFINE_CPP_OVERLOAD_STANDARD_FUNC_0_1(
      | ^
C:\Program Files (x86)\Windows Kits\10\Include\10.0.26100.0\ucrt\corecrt.h:874:5: note: expanded from macro '__DEF
INE_CPP_OVERLOAD_STANDARD_FUNC_0_1'
  874 |     __DEFINE_CPP_OVERLOAD_STANDARD_FUNC_0_1_EX(_ReturnType, _ReturnPolicy, _DeclSpec, _FuncName, _FuncName
##_s, _DstType, _SalAttributeDst, _DstType, _Dst, _TType1, _TArg1)
      |     ^
C:\Program Files (x86)\Windows Kits\10\Include\10.0.26100.0\ucrt\corecrt.h:1933:17: note: expanded from macro '__D
EFINE_CPP_OVERLOAD_STANDARD_FUNC_0_1_EX'
 1933 |                 _CRT_INSECURE_DEPRECATE(_SecureFuncName) _DeclSpec _ReturnType __cdecl _FuncName(_SalAttri
buteDst _DstType *_Dst, _TType1 _TArg1);
      |                 ^
C:\Program Files\Microsoft Visual Studio\2022\Community\VC\Tools\MSVC\14.44.35207\include\vcruntime.h:368:55: note
: expanded from macro '_CRT_INSECURE_DEPRECATE'
  368 |         #define _CRT_INSECURE_DEPRECATE(_Replacement) _CRT_DEPRECATE_TEXT(    \
      |                                                       ^
C:\Program Files\Microsoft Visual Studio\2022\Community\VC\Tools\MSVC\14.44.35207\include\vcruntime.h:358:47: note
: expanded from macro '_CRT_DEPRECATE_TEXT'
  358 | #define _CRT_DEPRECATE_TEXT(_Text) __declspec(deprecated(_Text))
      |                                               ^
runtime/runtime.c:167:5: warning: 'strcat' is deprecated: This function or variable may be unsafe. Consider using 
strcat_s instead. To disable deprecation, use _CRT_SECURE_NO_WARNINGS. See online help for details. [-Wdeprecated-
declarations]
  167 |     strcat(result, (char*)b);
      |     ^
C:\Program Files (x86)\Windows Kits\10\Include\10.0.26100.0\ucrt\string.h:91:5: note: 'strcat' has been explicitly
 marked deprecated here
   91 |     __DEFINE_CPP_OVERLOAD_STANDARD_FUNC_0_1(
      |     ^
C:\Program Files (x86)\Windows Kits\10\Include\10.0.26100.0\ucrt\corecrt.h:874:5: note: expanded from macro '__DEF
INE_CPP_OVERLOAD_STANDARD_FUNC_0_1'
  874 |     __DEFINE_CPP_OVERLOAD_STANDARD_FUNC_0_1_EX(_ReturnType, _ReturnPolicy, _DeclSpec, _FuncName, _FuncName
##_s, _DstType, _SalAttributeDst, _DstType, _Dst, _TType1, _TArg1)
      |     ^
C:\Program Files (x86)\Windows Kits\10\Include\10.0.26100.0\ucrt\corecrt.h:1933:17: note: expanded from macro '__D
EFINE_CPP_OVERLOAD_STANDARD_FUNC_0_1_EX'
 1933 |                 _CRT_INSECURE_DEPRECATE(_SecureFuncName) _DeclSpec _ReturnType __cdecl _FuncName(_SalAttri
buteDst _DstType *_Dst, _TType1 _TArg1);
      |                 ^
C:\Program Files\Microsoft Visual Studio\2022\Community\VC\Tools\MSVC\14.44.35207\include\vcruntime.h:368:55: note
: expanded from macro '_CRT_INSECURE_DEPRECATE'
  368 |         #define _CRT_INSECURE_DEPRECATE(_Replacement) _CRT_DEPRECATE_TEXT(    \
      |                                                       ^
C:\Program Files\Microsoft Visual Studio\2022\Community\VC\Tools\MSVC\14.44.35207\include\vcruntime.h:358:47: note
: expanded from macro '_CRT_DEPRECATE_TEXT'
  358 | #define _CRT_DEPRECATE_TEXT(_Text) __declspec(deprecated(_Text))
      |                                               ^
runtime/runtime.c:260:43: warning: 'strdup' is deprecated: The POSIX name for this item is deprecated. Instead, us
e the ISO C and C++ conformant name: _strdup. See online help for details. [-Wdeprecated-declarations]
  260 |     if (index < 0 || index >= len) return strdup("");
      |                                           ^
C:\Program Files (x86)\Windows Kits\10\Include\10.0.26100.0\ucrt\string.h:531:20: note: 'strdup' has been explicit
ly marked deprecated here
  531 |     _Check_return_ _CRT_NONSTDC_DEPRECATE(_strdup)
      |                    ^
C:\Program Files (x86)\Windows Kits\10\Include\10.0.26100.0\ucrt\corecrt.h:428:50: note: expanded from macro '_CRT
_NONSTDC_DEPRECATE'
  428 |         #define _CRT_NONSTDC_DEPRECATE(_NewName) _CRT_DEPRECATE_TEXT(             \
      |                                                  ^
C:\Program Files\Microsoft Visual Studio\2022\Community\VC\Tools\MSVC\14.44.35207\include\vcruntime.h:358:47: note
: expanded from macro '_CRT_DEPRECATE_TEXT'
  358 | #define _CRT_DEPRECATE_TEXT(_Text) __declspec(deprecated(_Text))
      |                                               ^
runtime/runtime.c:274:5: warning: 'strcpy' is deprecated: This function or variable may be unsafe. Consider using 
strcpy_s instead. To disable deprecation, use _CRT_SECURE_NO_WARNINGS. See online help for details. [-Wdeprecated-
declarations]
  274 |     strcpy(result, (char*)a);
      |     ^
C:\Program Files (x86)\Windows Kits\10\Include\10.0.26100.0\ucrt\string.h:130:1: note: 'strcpy' has been explicitl
y marked deprecated here
  130 | __DEFINE_CPP_OVERLOAD_STANDARD_FUNC_0_1(
      | ^
C:\Program Files (x86)\Windows Kits\10\Include\10.0.26100.0\ucrt\corecrt.h:874:5: note: expanded from macro '__DEF
INE_CPP_OVERLOAD_STANDARD_FUNC_0_1'
  874 |     __DEFINE_CPP_OVERLOAD_STANDARD_FUNC_0_1_EX(_ReturnType, _ReturnPolicy, _DeclSpec, _FuncName, _FuncName
##_s, _DstType, _SalAttributeDst, _DstType, _Dst, _TType1, _TArg1)
      |     ^
C:\Program Files (x86)\Windows Kits\10\Include\10.0.26100.0\ucrt\corecrt.h:1933:17: note: expanded from macro '__D
EFINE_CPP_OVERLOAD_STANDARD_FUNC_0_1_EX'
 1933 |                 _CRT_INSECURE_DEPRECATE(_SecureFuncName) _DeclSpec _ReturnType __cdecl _FuncName(_SalAttri
buteDst _DstType *_Dst, _TType1 _TArg1);
      |                 ^
C:\Program Files\Microsoft Visual Studio\2022\Community\VC\Tools\MSVC\14.44.35207\include\vcruntime.h:368:55: note
: expanded from macro '_CRT_INSECURE_DEPRECATE'
  368 |         #define _CRT_INSECURE_DEPRECATE(_Replacement) _CRT_DEPRECATE_TEXT(    \
      |                                                       ^
C:\Program Files\Microsoft Visual Studio\2022\Community\VC\Tools\MSVC\14.44.35207\include\vcruntime.h:358:47: note
: expanded from macro '_CRT_DEPRECATE_TEXT'
  358 | #define _CRT_DEPRECATE_TEXT(_Text) __declspec(deprecated(_Text))
      |                                               ^
runtime/runtime.c:275:5: warning: 'strcat' is deprecated: This function or variable may be unsafe. Consider using 
strcat_s instead. To disable deprecation, use _CRT_SECURE_NO_WARNINGS. See online help for details. [-Wdeprecated-
declarations]
  275 |     strcat(result, (char*)b);
      |     ^
C:\Program Files (x86)\Windows Kits\10\Include\10.0.26100.0\ucrt\string.h:91:5: note: 'strcat' has been explicitly
 marked deprecated here
   91 |     __DEFINE_CPP_OVERLOAD_STANDARD_FUNC_0_1(
      |     ^
C:\Program Files (x86)\Windows Kits\10\Include\10.0.26100.0\ucrt\corecrt.h:874:5: note: expanded from macro '__DEF
INE_CPP_OVERLOAD_STANDARD_FUNC_0_1'
  874 |     __DEFINE_CPP_OVERLOAD_STANDARD_FUNC_0_1_EX(_ReturnType, _ReturnPolicy, _DeclSpec, _FuncName, _FuncName
##_s, _DstType, _SalAttributeDst, _DstType, _Dst, _TType1, _TArg1)
      |     ^
C:\Program Files (x86)\Windows Kits\10\Include\10.0.26100.0\ucrt\corecrt.h:1933:17: note: expanded from macro '__D
EFINE_CPP_OVERLOAD_STANDARD_FUNC_0_1_EX'
 1933 |                 _CRT_INSECURE_DEPRECATE(_SecureFuncName) _DeclSpec _ReturnType __cdecl _FuncName(_SalAttri
buteDst _DstType *_Dst, _TType1 _TArg1);
      |                 ^
C:\Program Files\Microsoft Visual Studio\2022\Community\VC\Tools\MSVC\14.44.35207\include\vcruntime.h:368:55: note
: expanded from macro '_CRT_INSECURE_DEPRECATE'
  368 |         #define _CRT_INSECURE_DEPRECATE(_Replacement) _CRT_DEPRECATE_TEXT(    \
      |                                                       ^
C:\Program Files\Microsoft Visual Studio\2022\Community\VC\Tools\MSVC\14.44.35207\include\vcruntime.h:358:47: note
: expanded from macro '_CRT_DEPRECATE_TEXT'
  358 | #define _CRT_DEPRECATE_TEXT(_Text) __declspec(deprecated(_Text))
      |                                               ^
runtime/runtime.c:285:30: warning: 'strdup' is deprecated: The POSIX name for this item is deprecated. Instead, us
e the ISO C and C++ conformant name: _strdup. See online help for details. [-Wdeprecated-declarations]
  285 |     if (start >= end) return strdup("");
      |                              ^
C:\Program Files (x86)\Windows Kits\10\Include\10.0.26100.0\ucrt\string.h:531:20: note: 'strdup' has been explicit
ly marked deprecated here
  531 |     _Check_return_ _CRT_NONSTDC_DEPRECATE(_strdup)
      |                    ^
C:\Program Files (x86)\Windows Kits\10\Include\10.0.26100.0\ucrt\corecrt.h:428:50: note: expanded from macro '_CRT
_NONSTDC_DEPRECATE'
  428 |         #define _CRT_NONSTDC_DEPRECATE(_NewName) _CRT_DEPRECATE_TEXT(             \
      |                                                  ^
C:\Program Files\Microsoft Visual Studio\2022\Community\VC\Tools\MSVC\14.44.35207\include\vcruntime.h:358:47: note
: expanded from macro '_CRT_DEPRECATE_TEXT'
  358 | #define _CRT_DEPRECATE_TEXT(_Text) __declspec(deprecated(_Text))
      |                                               ^
runtime/runtime.c:288:5: warning: 'strncpy' is deprecated: This function or variable may be unsafe. Consider using
 strncpy_s instead. To disable deprecation, use _CRT_SECURE_NO_WARNINGS. See online help for details. [-Wdeprecate
d-declarations]
  288 |     strncpy(result, s + start, end - start);
      |     ^
C:\Program Files (x86)\Windows Kits\10\Include\10.0.26100.0\ucrt\string.h:334:1: note: 'strncpy' has been explicit
ly marked deprecated here
  334 | __DEFINE_CPP_OVERLOAD_STANDARD_NFUNC_0_2_EX(
      | ^
C:\Program Files (x86)\Windows Kits\10\Include\10.0.26100.0\ucrt\corecrt.h:1974:17: note: expanded from macro '__D
EFINE_CPP_OVERLOAD_STANDARD_NFUNC_0_2_EX'
 1974 |                 _CRT_INSECURE_DEPRECATE(_SecureFuncName) _DeclSpec _ReturnType __cdecl _FuncName(_SalAttri
buteDst _DstType *_Dst, _TType1 _TArg1, _TType2 _TArg2);
      |                 ^
C:\Program Files\Microsoft Visual Studio\2022\Community\VC\Tools\MSVC\14.44.35207\include\vcruntime.h:368:55: note
: expanded from macro '_CRT_INSECURE_DEPRECATE'
  368 |         #define _CRT_INSECURE_DEPRECATE(_Replacement) _CRT_DEPRECATE_TEXT(    \
      |                                                       ^
C:\Program Files\Microsoft Visual Studio\2022\Community\VC\Tools\MSVC\14.44.35207\include\vcruntime.h:358:47: note
: expanded from macro '_CRT_DEPRECATE_TEXT'
  358 | #define _CRT_DEPRECATE_TEXT(_Text) __declspec(deprecated(_Text))
      |                                               ^
runtime/runtime.c:325:15: warning: 'fopen' is deprecated: This function or variable may be unsafe. Consider using 
fopen_s instead. To disable deprecation, use _CRT_SECURE_NO_WARNINGS. See online help for details. [-Wdeprecated-d
eclarations]
  325 |     FILE* f = fopen((char*)path, "r");
      |               ^
C:\Program Files (x86)\Windows Kits\10\Include\10.0.26100.0\ucrt\stdio.h:212:20: note: 'fopen' has been explicitly
 marked deprecated here
  212 |     _Check_return_ _CRT_INSECURE_DEPRECATE(fopen_s)
      |                    ^
C:\Program Files\Microsoft Visual Studio\2022\Community\VC\Tools\MSVC\14.44.35207\include\vcruntime.h:368:55: note
: expanded from macro '_CRT_INSECURE_DEPRECATE'
  368 |         #define _CRT_INSECURE_DEPRECATE(_Replacement) _CRT_DEPRECATE_TEXT(    \
      |                                                       ^
C:\Program Files\Microsoft Visual Studio\2022\Community\VC\Tools\MSVC\14.44.35207\include\vcruntime.h:358:47: note
: expanded from macro '_CRT_DEPRECATE_TEXT'
  358 | #define _CRT_DEPRECATE_TEXT(_Text) __declspec(deprecated(_Text))
      |                                               ^
runtime/runtime.c:340:15: warning: 'fopen' is deprecated: This function or variable may be unsafe. Consider using 
fopen_s instead. To disable deprecation, use _CRT_SECURE_NO_WARNINGS. See online help for details. [-Wdeprecated-d
eclarations]
  340 |     FILE* f = fopen((char*)path, "w");
      |               ^
C:\Program Files (x86)\Windows Kits\10\Include\10.0.26100.0\ucrt\stdio.h:212:20: note: 'fopen' has been explicitly
 marked deprecated here
  212 |     _Check_return_ _CRT_INSECURE_DEPRECATE(fopen_s)
      |                    ^
C:\Program Files\Microsoft Visual Studio\2022\Community\VC\Tools\MSVC\14.44.35207\include\vcruntime.h:368:55: note
: expanded from macro '_CRT_INSECURE_DEPRECATE'
  368 |         #define _CRT_INSECURE_DEPRECATE(_Replacement) _CRT_DEPRECATE_TEXT(    \
      |                                                       ^
C:\Program Files\Microsoft Visual Studio\2022\Community\VC\Tools\MSVC\14.44.35207\include\vcruntime.h:358:47: note
: expanded from macro '_CRT_DEPRECATE_TEXT'
  358 | #define _CRT_DEPRECATE_TEXT(_Text) __declspec(deprecated(_Text))
      |                                               ^
runtime/runtime.c:349:15: warning: 'fopen' is deprecated: This function or variable may be unsafe. Consider using 
fopen_s instead. To disable deprecation, use _CRT_SECURE_NO_WARNINGS. See online help for details. [-Wdeprecated-d
eclarations]
  349 |     FILE* f = fopen((char*)path, "r");
      |               ^
C:\Program Files (x86)\Windows Kits\10\Include\10.0.26100.0\ucrt\stdio.h:212:20: note: 'fopen' has been explicitly
 marked deprecated here
  212 |     _Check_return_ _CRT_INSECURE_DEPRECATE(fopen_s)
      |                    ^
C:\Program Files\Microsoft Visual Studio\2022\Community\VC\Tools\MSVC\14.44.35207\include\vcruntime.h:368:55: note
: expanded from macro '_CRT_INSECURE_DEPRECATE'
  368 |         #define _CRT_INSECURE_DEPRECATE(_Replacement) _CRT_DEPRECATE_TEXT(    \
      |                                                       ^
C:\Program Files\Microsoft Visual Studio\2022\Community\VC\Tools\MSVC\14.44.35207\include\vcruntime.h:358:47: note
: expanded from macro '_CRT_DEPRECATE_TEXT'
  358 | #define _CRT_DEPRECATE_TEXT(_Text) __declspec(deprecated(_Text))
      |                                               ^
runtime/runtime.c:370:20: warning: 'strdup' is deprecated: The POSIX name for this item is deprecated. Instead, us
e the ISO C and C++ conformant name: _strdup. See online help for details. [-Wdeprecated-declarations]
  370 |     char* result = strdup("");
      |                    ^
C:\Program Files (x86)\Windows Kits\10\Include\10.0.26100.0\ucrt\string.h:531:20: note: 'strdup' has been explicit
ly marked deprecated here
  531 |     _Check_return_ _CRT_NONSTDC_DEPRECATE(_strdup)
      |                    ^
C:\Program Files (x86)\Windows Kits\10\Include\10.0.26100.0\ucrt\corecrt.h:428:50: note: expanded from macro '_CRT
_NONSTDC_DEPRECATE'
  428 |         #define _CRT_NONSTDC_DEPRECATE(_NewName) _CRT_DEPRECATE_TEXT(             \
      |                                                  ^
C:\Program Files\Microsoft Visual Studio\2022\Community\VC\Tools\MSVC\14.44.35207\include\vcruntime.h:358:47: note
: expanded from macro '_CRT_DEPRECATE_TEXT'
  358 | #define _CRT_DEPRECATE_TEXT(_Text) __declspec(deprecated(_Text))
      |                                               ^
runtime/runtime.c:373:9: warning: 'strcpy' is deprecated: This function or variable may be unsafe. Consider using 
strcpy_s instead. To disable deprecation, use _CRT_SECURE_NO_WARNINGS. See online help for details. [-Wdeprecated-
declarations]
  373 |         strcpy(new_result, result);
      |         ^
C:\Program Files (x86)\Windows Kits\10\Include\10.0.26100.0\ucrt\string.h:130:1: note: 'strcpy' has been explicitl
y marked deprecated here
  130 | __DEFINE_CPP_OVERLOAD_STANDARD_FUNC_0_1(
      | ^
C:\Program Files (x86)\Windows Kits\10\Include\10.0.26100.0\ucrt\corecrt.h:874:5: note: expanded from macro '__DEF
INE_CPP_OVERLOAD_STANDARD_FUNC_0_1'
  874 |     __DEFINE_CPP_OVERLOAD_STANDARD_FUNC_0_1_EX(_ReturnType, _ReturnPolicy, _DeclSpec, _FuncName, _FuncName
##_s, _DstType, _SalAttributeDst, _DstType, _Dst, _TType1, _TArg1)
      |     ^
C:\Program Files (x86)\Windows Kits\10\Include\10.0.26100.0\ucrt\corecrt.h:1933:17: note: expanded from macro '__D
EFINE_CPP_OVERLOAD_STANDARD_FUNC_0_1_EX'
 1933 |                 _CRT_INSECURE_DEPRECATE(_SecureFuncName) _DeclSpec _ReturnType __cdecl _FuncName(_SalAttri
buteDst _DstType *_Dst, _TType1 _TArg1);
      |                 ^
C:\Program Files\Microsoft Visual Studio\2022\Community\VC\Tools\MSVC\14.44.35207\include\vcruntime.h:368:55: note
: expanded from macro '_CRT_INSECURE_DEPRECATE'
  368 |         #define _CRT_INSECURE_DEPRECATE(_Replacement) _CRT_DEPRECATE_TEXT(    \
      |                                                       ^
C:\Program Files\Microsoft Visual Studio\2022\Community\VC\Tools\MSVC\14.44.35207\include\vcruntime.h:358:47: note
: expanded from macro '_CRT_DEPRECATE_TEXT'
  358 | #define _CRT_DEPRECATE_TEXT(_Text) __declspec(deprecated(_Text))
      |                                               ^
runtime/runtime.c:374:9: warning: 'strcat' is deprecated: This function or variable may be unsafe. Consider using 
strcat_s instead. To disable deprecation, use _CRT_SECURE_NO_WARNINGS. See online help for details. [-Wdeprecated-
declarations]
  374 |         strcat(new_result, buffer);
      |         ^
C:\Program Files (x86)\Windows Kits\10\Include\10.0.26100.0\ucrt\string.h:91:5: note: 'strcat' has been explicitly
 marked deprecated here
   91 |     __DEFINE_CPP_OVERLOAD_STANDARD_FUNC_0_1(
      |     ^
C:\Program Files (x86)\Windows Kits\10\Include\10.0.26100.0\ucrt\corecrt.h:874:5: note: expanded from macro '__DEF
INE_CPP_OVERLOAD_STANDARD_FUNC_0_1'
  874 |     __DEFINE_CPP_OVERLOAD_STANDARD_FUNC_0_1_EX(_ReturnType, _ReturnPolicy, _DeclSpec, _FuncName, _FuncName
##_s, _DstType, _SalAttributeDst, _DstType, _Dst, _TType1, _TArg1)
      |     ^
C:\Program Files (x86)\Windows Kits\10\Include\10.0.26100.0\ucrt\corecrt.h:1933:17: note: expanded from macro '__D
EFINE_CPP_OVERLOAD_STANDARD_FUNC_0_1_EX'
 1933 |                 _CRT_INSECURE_DEPRECATE(_SecureFuncName) _DeclSpec _ReturnType __cdecl _FuncName(_SalAttri
buteDst _DstType *_Dst, _TType1 _TArg1);
      |                 ^
C:\Program Files\Microsoft Visual Studio\2022\Community\VC\Tools\MSVC\14.44.35207\include\vcruntime.h:368:55: note
: expanded from macro '_CRT_INSECURE_DEPRECATE'
  368 |         #define _CRT_INSECURE_DEPRECATE(_Replacement) _CRT_DEPRECATE_TEXT(    \
      |                                                       ^
C:\Program Files\Microsoft Visual Studio\2022\Community\VC\Tools\MSVC\14.44.35207\include\vcruntime.h:358:47: note
: expanded from macro '_CRT_DEPRECATE_TEXT'
  358 | #define _CRT_DEPRECATE_TEXT(_Text) __declspec(deprecated(_Text))
      |                                               ^
runtime/runtime.c:425:16: warning: 'strdup' is deprecated: The POSIX name for this item is deprecated. Instead, us
e the ISO C and C++ conformant name: _strdup. See online help for details. [-Wdeprecated-declarations]
  425 |         return strdup(buffer);
      |                ^
C:\Program Files (x86)\Windows Kits\10\Include\10.0.26100.0\ucrt\string.h:531:20: note: 'strdup' has been explicit
ly marked deprecated here
  531 |     _Check_return_ _CRT_NONSTDC_DEPRECATE(_strdup)
      |                    ^
C:\Program Files (x86)\Windows Kits\10\Include\10.0.26100.0\ucrt\corecrt.h:428:50: note: expanded from macro '_CRT
_NONSTDC_DEPRECATE'
  428 |         #define _CRT_NONSTDC_DEPRECATE(_NewName) _CRT_DEPRECATE_TEXT(             \
      |                                                  ^
C:\Program Files\Microsoft Visual Studio\2022\Community\VC\Tools\MSVC\14.44.35207\include\vcruntime.h:358:47: note
: expanded from macro '_CRT_DEPRECATE_TEXT'
  358 | #define _CRT_DEPRECATE_TEXT(_Text) __declspec(deprecated(_Text))
      |                                               ^
runtime/runtime.c:468:22: warning: 'strdup' is deprecated: The POSIX name for this item is deprecated. Instead, us
e the ISO C and C++ conformant name: _strdup. See online help for details. [-Wdeprecated-declarations]
  468 |     char* str_copy = strdup((char*)str);
      |                      ^
C:\Program Files (x86)\Windows Kits\10\Include\10.0.26100.0\ucrt\string.h:531:20: note: 'strdup' has been explicit
ly marked deprecated here
  531 |     _Check_return_ _CRT_NONSTDC_DEPRECATE(_strdup)
      |                    ^
C:\Program Files (x86)\Windows Kits\10\Include\10.0.26100.0\ucrt\corecrt.h:428:50: note: expanded from macro '_CRT
_NONSTDC_DEPRECATE'
  428 |         #define _CRT_NONSTDC_DEPRECATE(_NewName) _CRT_DEPRECATE_TEXT(             \
      |                                                  ^
C:\Program Files\Microsoft Visual Studio\2022\Community\VC\Tools\MSVC\14.44.35207\include\vcruntime.h:358:47: note
: expanded from macro '_CRT_DEPRECATE_TEXT'
  358 | #define _CRT_DEPRECATE_TEXT(_Text) __declspec(deprecated(_Text))
      |                                               ^
runtime/runtime.c:485:20: warning: 'strdup' is deprecated: The POSIX name for this item is deprecated. Instead, us
e the ISO C and C++ conformant name: _strdup. See online help for details. [-Wdeprecated-declarations]
  485 |     char* result = strdup((char*)str);
      |                    ^
C:\Program Files (x86)\Windows Kits\10\Include\10.0.26100.0\ucrt\string.h:531:20: note: 'strdup' has been explicit
ly marked deprecated here
  531 |     _Check_return_ _CRT_NONSTDC_DEPRECATE(_strdup)
      |                    ^
C:\Program Files (x86)\Windows Kits\10\Include\10.0.26100.0\ucrt\corecrt.h:428:50: note: expanded from macro '_CRT
_NONSTDC_DEPRECATE'
  428 |         #define _CRT_NONSTDC_DEPRECATE(_NewName) _CRT_DEPRECATE_TEXT(             \
      |                                                  ^
C:\Program Files\Microsoft Visual Studio\2022\Community\VC\Tools\MSVC\14.44.35207\include\vcruntime.h:358:47: note
: expanded from macro '_CRT_DEPRECATE_TEXT'
  358 | #define _CRT_DEPRECATE_TEXT(_Text) __declspec(deprecated(_Text))
      |                                               ^
runtime/runtime.c:496:20: warning: 'strdup' is deprecated: The POSIX name for this item is deprecated. Instead, us
e the ISO C and C++ conformant name: _strdup. See online help for details. [-Wdeprecated-declarations]
  496 |     char* result = strdup((char*)str);
      |                    ^
C:\Program Files (x86)\Windows Kits\10\Include\10.0.26100.0\ucrt\string.h:531:20: note: 'strdup' has been explicit
ly marked deprecated here
  531 |     _Check_return_ _CRT_NONSTDC_DEPRECATE(_strdup)
      |                    ^
C:\Program Files (x86)\Windows Kits\10\Include\10.0.26100.0\ucrt\corecrt.h:428:50: note: expanded from macro '_CRT
_NONSTDC_DEPRECATE'
  428 |         #define _CRT_NONSTDC_DEPRECATE(_NewName) _CRT_DEPRECATE_TEXT(             \
      |                                                  ^
C:\Program Files\Microsoft Visual Studio\2022\Community\VC\Tools\MSVC\14.44.35207\include\vcruntime.h:358:47: note
: expanded from macro '_CRT_DEPRECATE_TEXT'
  358 | #define _CRT_DEPRECATE_TEXT(_Text) __declspec(deprecated(_Text))
      |                                               ^
runtime/runtime.c:520:5: warning: 'strncpy' is deprecated: This function or variable may be unsafe. Consider using
 strncpy_s instead. To disable deprecation, use _CRT_SECURE_NO_WARNINGS. See online help for details. [-Wdeprecate
d-declarations]
  520 |     strncpy(result, s, len);
      |     ^
C:\Program Files (x86)\Windows Kits\10\Include\10.0.26100.0\ucrt\string.h:334:1: note: 'strncpy' has been explicit
ly marked deprecated here
  334 | __DEFINE_CPP_OVERLOAD_STANDARD_NFUNC_0_2_EX(
      | ^
C:\Program Files (x86)\Windows Kits\10\Include\10.0.26100.0\ucrt\corecrt.h:1974:17: note: expanded from macro '__D
EFINE_CPP_OVERLOAD_STANDARD_NFUNC_0_2_EX'
 1974 |                 _CRT_INSECURE_DEPRECATE(_SecureFuncName) _DeclSpec _ReturnType __cdecl _FuncName(_SalAttri
buteDst _DstType *_Dst, _TType1 _TArg1, _TType2 _TArg2);
      |                 ^
C:\Program Files\Microsoft Visual Studio\2022\Community\VC\Tools\MSVC\14.44.35207\include\vcruntime.h:368:55: note
: expanded from macro '_CRT_INSECURE_DEPRECATE'
  368 |         #define _CRT_INSECURE_DEPRECATE(_Replacement) _CRT_DEPRECATE_TEXT(    \
      |                                                       ^
C:\Program Files\Microsoft Visual Studio\2022\Community\VC\Tools\MSVC\14.44.35207\include\vcruntime.h:358:47: note
: expanded from macro '_CRT_DEPRECATE_TEXT'
  358 | #define _CRT_DEPRECATE_TEXT(_Text) __declspec(deprecated(_Text))
      |                                               ^
runtime/runtime.c:526:43: warning: 'strdup' is deprecated: The POSIX name for this item is deprecated. Instead, us
e the ISO C and C++ conformant name: _strdup. See online help for details. [-Wdeprecated-declarations]
  526 |     if (!str || !old_substr) return str ? strdup((char*)str) : NULL;
      |                                           ^
C:\Program Files (x86)\Windows Kits\10\Include\10.0.26100.0\ucrt\string.h:531:20: note: 'strdup' has been explicit
ly marked deprecated here
  531 |     _Check_return_ _CRT_NONSTDC_DEPRECATE(_strdup)
      |                    ^
C:\Program Files (x86)\Windows Kits\10\Include\10.0.26100.0\ucrt\corecrt.h:428:50: note: expanded from macro '_CRT
_NONSTDC_DEPRECATE'
  428 |         #define _CRT_NONSTDC_DEPRECATE(_NewName) _CRT_DEPRECATE_TEXT(             \
      |                                                  ^
C:\Program Files\Microsoft Visual Studio\2022\Community\VC\Tools\MSVC\14.44.35207\include\vcruntime.h:358:47: note
: expanded from macro '_CRT_DEPRECATE_TEXT'
  358 | #define _CRT_DEPRECATE_TEXT(_Text) __declspec(deprecated(_Text))
      |                                               ^
runtime/runtime.c:538:9: warning: 'strncat' is deprecated: This function or variable may be unsafe. Consider using
 strncat_s instead. To disable deprecation, use _CRT_SECURE_NO_WARNINGS. See online help for details. [-Wdeprecate
d-declarations]
  538 |         strncat(result, current, match - current);
      |         ^
C:\Program Files (x86)\Windows Kits\10\Include\10.0.26100.0\ucrt\string.h:262:1: note: 'strncat' has been explicit
ly marked deprecated here
  262 | __DEFINE_CPP_OVERLOAD_STANDARD_NFUNC_0_2_EX(
      | ^
C:\Program Files (x86)\Windows Kits\10\Include\10.0.26100.0\ucrt\corecrt.h:1974:17: note: expanded from macro '__D
EFINE_CPP_OVERLOAD_STANDARD_NFUNC_0_2_EX'
 1974 |                 _CRT_INSECURE_DEPRECATE(_SecureFuncName) _DeclSpec _ReturnType __cdecl _FuncName(_SalAttri
buteDst _DstType *_Dst, _TType1 _TArg1, _TType2 _TArg2);
      |                 ^
C:\Program Files\Microsoft Visual Studio\2022\Community\VC\Tools\MSVC\14.44.35207\include\vcruntime.h:368:55: note
: expanded from macro '_CRT_INSECURE_DEPRECATE'
  368 |         #define _CRT_INSECURE_DEPRECATE(_Replacement) _CRT_DEPRECATE_TEXT(    \
      |                                                       ^
C:\Program Files\Microsoft Visual Studio\2022\Community\VC\Tools\MSVC\14.44.35207\include\vcruntime.h:358:47: note
: expanded from macro '_CRT_DEPRECATE_TEXT'
  358 | #define _CRT_DEPRECATE_TEXT(_Text) __declspec(deprecated(_Text))
      |                                               ^
runtime/runtime.c:539:9: warning: 'strcat' is deprecated: This function or variable may be unsafe. Consider using 
strcat_s instead. To disable deprecation, use _CRT_SECURE_NO_WARNINGS. See online help for details. [-Wdeprecated-
declarations]
  539 |         strcat(result, (char*)new_substr);
      |         ^
C:\Program Files (x86)\Windows Kits\10\Include\10.0.26100.0\ucrt\string.h:91:5: note: 'strcat' has been explicitly
 marked deprecated here
   91 |     __DEFINE_CPP_OVERLOAD_STANDARD_FUNC_0_1(
      |     ^
C:\Program Files (x86)\Windows Kits\10\Include\10.0.26100.0\ucrt\corecrt.h:874:5: note: expanded from macro '__DEF
INE_CPP_OVERLOAD_STANDARD_FUNC_0_1'
  874 |     __DEFINE_CPP_OVERLOAD_STANDARD_FUNC_0_1_EX(_ReturnType, _ReturnPolicy, _DeclSpec, _FuncName, _FuncName
##_s, _DstType, _SalAttributeDst, _DstType, _Dst, _TType1, _TArg1)
      |     ^
C:\Program Files (x86)\Windows Kits\10\Include\10.0.26100.0\ucrt\corecrt.h:1933:17: note: expanded from macro '__D
EFINE_CPP_OVERLOAD_STANDARD_FUNC_0_1_EX'
 1933 |                 _CRT_INSECURE_DEPRECATE(_SecureFuncName) _DeclSpec _ReturnType __cdecl _FuncName(_SalAttri
buteDst _DstType *_Dst, _TType1 _TArg1);
      |                 ^
C:\Program Files\Microsoft Visual Studio\2022\Community\VC\Tools\MSVC\14.44.35207\include\vcruntime.h:368:55: note
: expanded from macro '_CRT_INSECURE_DEPRECATE'
  368 |         #define _CRT_INSECURE_DEPRECATE(_Replacement) _CRT_DEPRECATE_TEXT(    \
      |                                                       ^
C:\Program Files\Microsoft Visual Studio\2022\Community\VC\Tools\MSVC\14.44.35207\include\vcruntime.h:358:47: note
: expanded from macro '_CRT_DEPRECATE_TEXT'
  358 | #define _CRT_DEPRECATE_TEXT(_Text) __declspec(deprecated(_Text))
      |                                               ^
runtime/runtime.c:543:5: warning: 'strcat' is deprecated: This function or variable may be unsafe. Consider using 
strcat_s instead. To disable deprecation, use _CRT_SECURE_NO_WARNINGS. See online help for details. [-Wdeprecated-
declarations]
  543 |     strcat(result, current);
      |     ^
C:\Program Files (x86)\Windows Kits\10\Include\10.0.26100.0\ucrt\string.h:91:5: note: 'strcat' has been explicitly
 marked deprecated here
   91 |     __DEFINE_CPP_OVERLOAD_STANDARD_FUNC_0_1(
      |     ^
C:\Program Files (x86)\Windows Kits\10\Include\10.0.26100.0\ucrt\corecrt.h:874:5: note: expanded from macro '__DEF
INE_CPP_OVERLOAD_STANDARD_FUNC_0_1'
  874 |     __DEFINE_CPP_OVERLOAD_STANDARD_FUNC_0_1_EX(_ReturnType, _ReturnPolicy, _DeclSpec, _FuncName, _FuncName
##_s, _DstType, _SalAttributeDst, _DstType, _Dst, _TType1, _TArg1)
      |     ^
C:\Program Files (x86)\Windows Kits\10\Include\10.0.26100.0\ucrt\corecrt.h:1933:17: note: expanded from macro '__D
EFINE_CPP_OVERLOAD_STANDARD_FUNC_0_1_EX'
 1933 |                 _CRT_INSECURE_DEPRECATE(_SecureFuncName) _DeclSpec _ReturnType __cdecl _FuncName(_SalAttri
buteDst _DstType *_Dst, _TType1 _TArg1);
      |                 ^
C:\Program Files\Microsoft Visual Studio\2022\Community\VC\Tools\MSVC\14.44.35207\include\vcruntime.h:368:55: note
: expanded from macro '_CRT_INSECURE_DEPRECATE'
  368 |         #define _CRT_INSECURE_DEPRECATE(_Replacement) _CRT_DEPRECATE_TEXT(    \
      |                                                       ^
C:\Program Files\Microsoft Visual Studio\2022\Community\VC\Tools\MSVC\14.44.35207\include\vcruntime.h:358:47: note
: expanded from macro '_CRT_DEPRECATE_TEXT'
  358 | #define _CRT_DEPRECATE_TEXT(_Text) __declspec(deprecated(_Text))
      |                                               ^
runtime/runtime.c:552:22: warning: 'strdup' is deprecated: The POSIX name for this item is deprecated. Instead, us
e the ISO C and C++ conformant name: _strdup. See online help for details. [-Wdeprecated-declarations]
  552 |     char* str_copy = strdup((char*)str);
      |                      ^
C:\Program Files (x86)\Windows Kits\10\Include\10.0.26100.0\ucrt\string.h:531:20: note: 'strdup' has been explicit
ly marked deprecated here
  531 |     _Check_return_ _CRT_NONSTDC_DEPRECATE(_strdup)
      |                    ^
C:\Program Files (x86)\Windows Kits\10\Include\10.0.26100.0\ucrt\corecrt.h:428:50: note: expanded from macro '_CRT
_NONSTDC_DEPRECATE'
  428 |         #define _CRT_NONSTDC_DEPRECATE(_NewName) _CRT_DEPRECATE_TEXT(             \
      |                                                  ^
C:\Program Files\Microsoft Visual Studio\2022\Community\VC\Tools\MSVC\14.44.35207\include\vcruntime.h:358:47: note
: expanded from macro '_CRT_DEPRECATE_TEXT'
  358 | #define _CRT_DEPRECATE_TEXT(_Text) __declspec(deprecated(_Text))
      |                                               ^
runtime/runtime.c:553:19: warning: 'strtok' is deprecated: This function or variable may be unsafe. Consider using
 strtok_s instead. To disable deprecation, use _CRT_SECURE_NO_WARNINGS. See online help for details. [-Wdeprecated
-declarations]
  553 |     char* token = strtok(str_copy, (char*)delimiter);
      |                   ^
C:\Program Files (x86)\Windows Kits\10\Include\10.0.26100.0\ucrt\string.h:435:16: note: 'strtok' has been explicit
ly marked deprecated here
  435 | _Check_return_ _CRT_INSECURE_DEPRECATE(strtok_s)
      |                ^
C:\Program Files\Microsoft Visual Studio\2022\Community\VC\Tools\MSVC\14.44.35207\include\vcruntime.h:368:55: note
: expanded from macro '_CRT_INSECURE_DEPRECATE'
  368 |         #define _CRT_INSECURE_DEPRECATE(_Replacement) _CRT_DEPRECATE_TEXT(    \
      |                                                       ^
C:\Program Files\Microsoft Visual Studio\2022\Community\VC\Tools\MSVC\14.44.35207\include\vcruntime.h:358:47: note
: expanded from macro '_CRT_DEPRECATE_TEXT'
  358 | #define _CRT_DEPRECATE_TEXT(_Text) __declspec(deprecated(_Text))
      |                                               ^
runtime/runtime.c:555:32: warning: 'strdup' is deprecated: The POSIX name for this item is deprecated. Instead, us
e the ISO C and C++ conformant name: _strdup. See online help for details. [-Wdeprecated-declarations]
  555 |         rt_list_append(result, strdup(token));
      |                                ^
C:\Program Files (x86)\Windows Kits\10\Include\10.0.26100.0\ucrt\string.h:531:20: note: 'strdup' has been explicit
ly marked deprecated here
  531 |     _Check_return_ _CRT_NONSTDC_DEPRECATE(_strdup)
      |                    ^
C:\Program Files (x86)\Windows Kits\10\Include\10.0.26100.0\ucrt\corecrt.h:428:50: note: expanded from macro '_CRT
_NONSTDC_DEPRECATE'
  428 |         #define _CRT_NONSTDC_DEPRECATE(_NewName) _CRT_DEPRECATE_TEXT(             \
      |                                                  ^
C:\Program Files\Microsoft Visual Studio\2022\Community\VC\Tools\MSVC\14.44.35207\include\vcruntime.h:358:47: note
: expanded from macro '_CRT_DEPRECATE_TEXT'
  358 | #define _CRT_DEPRECATE_TEXT(_Text) __declspec(deprecated(_Text))
      |                                               ^
runtime/runtime.c:556:17: warning: 'strtok' is deprecated: This function or variable may be unsafe. Consider using
 strtok_s instead. To disable deprecation, use _CRT_SECURE_NO_WARNINGS. See online help for details. [-Wdeprecated
-declarations]
  556 |         token = strtok(NULL, (char*)delimiter);
      |                 ^
C:\Program Files (x86)\Windows Kits\10\Include\10.0.26100.0\ucrt\string.h:435:16: note: 'strtok' has been explicit
ly marked deprecated here
  435 | _Check_return_ _CRT_INSECURE_DEPRECATE(strtok_s)
      |                ^
C:\Program Files\Microsoft Visual Studio\2022\Community\VC\Tools\MSVC\14.44.35207\include\vcruntime.h:368:55: note
: expanded from macro '_CRT_INSECURE_DEPRECATE'
  368 |         #define _CRT_INSECURE_DEPRECATE(_Replacement) _CRT_DEPRECATE_TEXT(    \
      |                                                       ^
C:\Program Files\Microsoft Visual Studio\2022\Community\VC\Tools\MSVC\14.44.35207\include\vcruntime.h:358:47: note
: expanded from macro '_CRT_DEPRECATE_TEXT'
  358 | #define _CRT_DEPRECATE_TEXT(_Text) __declspec(deprecated(_Text))
      |                                               ^
29 warnings generated.
